// Jest Snapshot v1, https://goo.gl/fbAQLP

exports[`renders correctly 1`] = `
<View
  style={
    Array [
      Object {
        "alignItems": "center",
        "flexBasis": 0,
        "flexDirection": "column",
        "flexGrow": 1,
        "flexShrink": 1,
        "width": "100%",
      },
      undefined,
    ]
  }
>
  <View
    style={
      Array [
        Object {
          "alignItems": "center",
          "height": "10%",
          "justifyContent": "center",
          "width": "100%",
        },
        undefined,
      ]
    }
  >
    <Text
      accessible={true}
      allowFontScaling={true}
      ellipsizeMode="tail"
      style={
        Array [
          Object {
            "color": "#4d4d4d",
            "fontSize": 20,
            "fontWeight": "bold",
          },
          undefined,
        ]
      }
    >
      She-Hulk (Jennifer Walters)
    </Text>
  </View>
  <View
    style={
      Array [
        Object {
          "alignItems": "center",
          "height": "40%",
          "justifyContent": "center",
          "width": "100%",
        },
        undefined,
      ]
    }
  >
    <Image
      resizeMode="cover"
      source={
        Object {
          "uri": "http://i.annihil.us/u/prod/marvel/i/mg/7/20/527bb5d64599e/standard_fantastic.jpg",
        }
      }
      style={
        Array [
          Object {
            "borderRadius": 100,
            "height": 200,
            "width": 200,
          },
          undefined,
        ]
      }
    />
  </View>
  <View
    style={
      Array [
        Object {
          "alignItems": "center",
          "height": "50%",
          "justifyContent": "center",
          "width": "80%",
        },
        undefined,
      ]
    }
  >
    <Text
      accessible={true}
      allowFontScaling={true}
      ellipsizeMode="tail"
      style={
        Array [
          Object {
            "color": "#4d4d4d",
            "fontSize": 16,
          },
          undefined,
        ]
      }
    >
      Seriously wounded, young lawyer Jennifer Walters was given a blood transfusion by her cousin Bruce Banner. Usually in better control of her powers and temper than the Hulk, She-Hulk has been a high profile New York lawyer as well as an upstanding member of both the Avengers and Fantastic Four.
    </Text>
  </View>
</View>
`;
